org/cloudbus/cloudsim/container/resourceAllocatorMigrationEnabled/PowerContainerVmAllocationPolicyMigrationStaticThresholdMC.class
org/cloudbus/cloudsim/container/resourceAllocators/ContainerAllocationPolicy.class
tech/cypherskar/cloudex/templates/setups/AVirtualMachine.class
org/cloudbus/cloudsim/power/PowerDatacenterNonPowerAware.class
org/cloudbus/cloudsim/network/datacenter/AggregateSwitch.class
org/cloudbus/cloudsim/container/containerProvisioners/ContainerRamProvisioner.class
org/cloudbus/cloudsim/provisioners/RamProvisionerSimple.class
tech/cypherskar/cloudex/bridges/ACloudletBridge.class
org/cloudbus/cloudsim/VmSchedulerTimeSharedOverSubscription.class
tech/cypherskar/cloudex/bridges/AHostBridge.class
org/cloudbus/cloudsim/network/datacenter/NetDatacenterBroker.class
tech/cypherskar/cloudex/components/algorithms/pso/Particle$1.class
org/cloudbus/cloudsim/container/core/ContainerDatacenterBroker.class
org/cloudbus/cloudsim/container/core/PowerContainerDatacenter.class
tech/cypherskar/cloudex/components/algorithms/honeybee/LBA_HB.class
org/cloudbus/cloudsim/CloudletSchedulerTimeShared.class
tech/cypherskar/cloudex/bridges/ABrokerSetupBridge.class
org/cloudbus/cloudsim/container/resourceAllocators/PowerContainerAllocationPolicy.class
org/cloudbus/cloudsim/container/utils/Correlation.class
org/cloudbus/cloudsim/CloudletSchedulerDynamicWorkload.class
org/cloudbus/cloudsim/util/MathUtil.class
org/cloudbus/cloudsim/power/models/PowerModelSpecPowerHpProLiantMl110G3PentiumD930.class
org/cloudbus/cloudsim/container/resourceAllocators/ContainerAllocationPolicyRS.class
tech/cypherskar/cloudex/templates/infos/ASimulationInfo.class
org/cloudbus/cloudsim/container/containerPlacementPolicies/ContainerPlacementPolicy.class
org/cloudbus/cloudsim/Packet.class
org/cloudbus/cloudsim/network/datacenter/NetworkConstants.class
org/cloudbus/cloudsim/container/containerSelectionPolicies/PowerContainerSelectionPolicyMaximumCorrelation.class
org/cloudbus/cloudsim/network/datacenter/WorkflowApp.class
org/cloudbus/cloudsim/container/containerVmProvisioners/ContainerVmRamProvisionerSimple.class
tech/cypherskar/cloudex/components/window/Tables$1.class
org/cloudbus/cloudsim/core/predicates/PredicateAny.class
org/cloudbus/cloudsim/power/models/PowerModelLinear.class
org/cloudbus/cloudsim/container/containerVmProvisioners/ContainerVmPe.class
org/cloudbus/cloudsim/network/TopologicalGraph.class
org/cloudbus/cloudsim/network/datacenter/AppCloudlet.class
org/cloudbus/cloudsim/container/containerVmProvisioners/ContainerVmPeProvisioner.class
org/cloudbus/cloudsim/container/resourceAllocators/PowerContainerVmAllocationAbstract.class
tech/cypherskar/cloudex/components/window/Tables.class
org/cloudbus/cloudsim/core/predicates/PredicateType.class
org/cloudbus/cloudsim/lists/CloudletList$1.class
org/cloudbus/cloudsim/DataCloudTags.class
org/cloudbus/cloudsim/container/containerProvisioners/ContainerPeProvisioner.class
org/cloudbus/cloudsim/container/resourceAllocatorMigrationEnabled/PowerContainerVmAllocationPolicyMigrationAbstractContainerAdded.class
org/cloudbus/cloudsim/container/core/PowerContainerHost.class
org/cloudbus/cloudsim/core/CloudSimShutdown.class
org/cloudbus/cloudsim/container/lists/ContainerVmList.class
org/cloudbus/cloudsim/core/DeferredQueue.class
org/cloudbus/cloudsim/container/containerPlacementPolicies/ContainerPlacementPolicyLeastFull.class
org/cloudbus/cloudsim/Consts.class
org/cloudbus/cloudsim/container/core/PowerContainerVm.class
tech/cypherskar/cloudex/components/algorithms/ipso/Particle.class
org/cloudbus/cloudsim/container/core/ContainerDatacenterCharacteristics.class
tech/cypherskar/cloudex/components/algorithms/pso/PSO$Inertia.class
tech/cypherskar/cloudex/components/algorithms/ipso/Particle$1.class
org/cloudbus/cloudsim/container/hostSelectionPolicies/HostSelectionPolicyMostFull.class
org/cloudbus/cloudsim/container/vmSelectionPolicies/PowerContainerVMSelectionPolicyCor.class
org/cloudbus/cloudsim/network/GraphReaderIF.class
tech/cypherskar/cloudex/controllers/Experiment.class
org/cloudbus/cloudsim/container/vmSelectionPolicies/PowerContainerVmSelectionPolicyMaximumUsage.class
tech/cypherskar/cloudex/components/algorithms/aco/AAnt.class
org/cloudbus/cloudsim/distributions/ContinuousDistribution.class
org/cloudbus/cloudsim/lists/PeList.class
org/cloudbus/cloudsim/container/schedulers/ContainerCloudletScheduler.class
org/cloudbus/cloudsim/power/PowerVmAllocationPolicyMigrationStaticThreshold.class
org/cloudbus/cloudsim/provisioners/BwProvisioner.class
org/cloudbus/cloudsim/VmSchedulerTimeShared.class
org/cloudbus/cloudsim/distributions/LognormalDistr.class
org/cloudbus/cloudsim/container/core/ResContainerCloudlet.class
tech/cypherskar/cloudex/components/algorithms/ipso/IPSO.class
org/cloudbus/cloudsim/power/PowerVmSelectionPolicyRandomSelection.class
org/cloudbus/cloudsim/util/WorkloadFileReader.class
org/cloudbus/cloudsim/core/predicates/PredicateNotFrom.class
org/cloudbus/cloudsim/power/PowerVmAllocationPolicyMigrationMedianAbsoluteDeviation.class
org/cloudbus/cloudsim/UtilizationModelStochastic.class
org/cloudbus/cloudsim/power/models/PowerModelSpecPowerIbmX3250XeonX3480.class
tech/cypherskar/cloudex/components/window/Exports.class
org/cloudbus/cloudsim/container/schedulers/ContainerCloudletSchedulerTimeShared.class
org/cloudbus/cloudsim/VmScheduler.class
org/cloudbus/cloudsim/SanStorage.class
org/cloudbus/cloudsim/container/lists/PowerContainerVmList$1.class
org/cloudbus/cloudsim/Cloudlet$Resource.class
tech/cypherskar/cloudex/components/cloudsim/ABroker.class
tech/cypherskar/cloudex/utils/NumberMixer$1.class
tech/cypherskar/cloudex/components/algorithms/honeybee/AVirtualMachine.class
org/cloudbus/cloudsim/container/core/Container.class
tech/cypherskar/cloudex/controllers/Datacenters$1.class
org/cloudbus/cloudsim/power/PowerVm.class
org/cloudbus/cloudsim/power/PowerVmSelectionPolicyMinimumUtilization.class
tech/cypherskar/cloudex/components/algorithms/bullet/Bullet$1.class
org/cloudbus/cloudsim/container/core/ContainerVm.class
tech/cypherskar/cloudex/components/algorithms/ipso/FitnessFunction.class
tech/cypherskar/cloudex/components/algorithms/pso/PSO$1.class
org/cloudbus/cloudsim/container/lists/ContainerVmPeList.class
org/cloudbus/cloudsim/core/CloudSimTags.class
org/cloudbus/cloudsim/distributions/GammaDistr.class
org/cloudbus/cloudsim/Datacenter.class
org/cloudbus/cloudsim/core/SimEvent.class
org/cloudbus/cloudsim/core/predicates/PredicateNone.class
tech/cypherskar/cloudex/components/algorithms/standard/StandardSim.class
org/cloudbus/cloudsim/power/models/PowerModelSpecPowerHpProLiantMl110G4Xeon3040.class
org/cloudbus/cloudsim/UtilizationModelNull.class
org/cloudbus/cloudsim/distributions/ExponentialDistr.class
org/cloudbus/cloudsim/power/PowerDatacenter.class
org/cloudbus/cloudsim/container/containerVmProvisioners/ContainerVmBwProvisionerSimple.class
org/cloudbus/cloudsim/container/lists/PowerContainerList$1.class
org/cloudbus/cloudsim/network/datacenter/EdgeSwitch.class
tech/cypherskar/cloudex/components/cloudsim/ASimulation.class
tech/cypherskar/cloudex/components/algorithms/pso/PSO$Position.class
org/cloudbus/cloudsim/DatacenterCharacteristics.class
tech/cypherskar/cloudex/components/algorithms/honeybee/AHost.class
org/cloudbus/cloudsim/Cloudlet$1.class
org/cloudbus/cloudsim/container/resourceAllocators/ContainerVmAllocationPolicySimple.class
org/cloudbus/cloudsim/core/SimEntity.class
org/cloudbus/cloudsim/container/lists/ContainerPeList.class
org/cloudbus/cloudsim/container/schedulers/ContainerSchedulerTimeSharedOverSubscription.class
org/cloudbus/cloudsim/container/containerSelectionPolicies/PowerContainerSelectionPolicyMaximumUsage.class
org/cloudbus/cloudsim/container/vmSelectionPolicies/PowerContainerVmSelectionPolicy.class
org/cloudbus/cloudsim/container/utils/CostumeCSVWriter.class
org/cloudbus/cloudsim/Cloudlet.class
org/cloudbus/cloudsim/power/models/PowerModelSqrt.class
org/cloudbus/cloudsim/lists/HostList.class
org/cloudbus/cloudsim/util/ExecutionTimeMeasurer.class
org/cloudbus/cloudsim/UtilizationModelPlanetLabInMemory.class
tech/cypherskar/cloudex/components/window/Progress.class
tech/cypherskar/cloudex/bridges/AVirtualMachineBridge.class
org/cloudbus/cloudsim/container/resourceAllocatorMigrationEnabled/PowerContainerVmAllocationPolicyMigrationAbstractContainerHostSelection.class
org/cloudbus/cloudsim/container/hostSelectionPolicies/HostSelectionPolicy.class
tech/cypherskar/cloudex/templates/setups/ACloudlet.class
org/cloudbus/cloudsim/lists/ResCloudletList.class
org/cloudbus/cloudsim/FileAttribute.class
org/cloudbus/cloudsim/power/lists/PowerVmList.class
tech/cypherskar/cloudex/templates/setups/AHost.class
org/cloudbus/cloudsim/power/models/PowerModel.class
tech/cypherskar/cloudex/controllers/Window.class
org/cloudbus/cloudsim/container/containerPlacementPolicies/ContainerPlacementPolicyFirstFit.class
tech/cypherskar/cloudex/components/algorithms/pso/Particle.class
org/cloudbus/cloudsim/power/PowerVmAllocationPolicyMigrationLocalRegression.class
org/cloudbus/cloudsim/network/FloydWarshall_Float.class
org/cloudbus/cloudsim/container/schedulers/ContainerCloudletSchedulerDynamicWorkload.class
org/cloudbus/cloudsim/network/datacenter/TaskStage.class
tech/cypherskar/cloudex/components/algorithms/minmin/MinMin$1.class
org/cloudbus/cloudsim/HarddriveStorage.class
org/cloudbus/cloudsim/network/datacenter/NetworkDatacenter.class
tech/cypherskar/cloudex/components/algorithms/ipso/IPSO$1.class
org/cloudbus/cloudsim/container/vmSelectionPolicies/PowerContainerVmSelectionPolicyMinimumMigrationTime.class
tech/cypherskar/cloudex/components/window/Tables$TableMode.class
org/cloudbus/cloudsim/power/PowerVmSelectionPolicyMaximumCorrelation.class
org/cloudbus/cloudsim/container/resourceAllocators/PowerContainerVmAllocationSimple.class
org/cloudbus/cloudsim/distributions/LomaxDistribution.class
org/cloudbus/cloudsim/container/utils/IDs.class
tech/cypherskar/cloudex/components/algorithms/bullet/Bullet.class
org/cloudbus/cloudsim/power/PowerVmAllocationPolicyMigrationLocalRegressionRobust.class
org/cloudbus/cloudsim/DatacenterBroker.class
org/cloudbus/cloudsim/container/lists/PowerContainerVmList.class
org/cloudbus/cloudsim/container/resourceAllocatorMigrationEnabled/PowerContainerVmAllocationPolicyMigrationStaticThresholdMCUnderUtilized.class
org/cloudbus/cloudsim/UtilizationModel.class
org/cloudbus/cloudsim/provisioners/PeProvisionerSimple.class
tech/cypherskar/cloudex/components/algorithms/shortestjobfirst/ShortestJobFirst.class
org/cloudbus/cloudsim/power/models/PowerModelSpecPowerIbmX3550XeonX5675.class
org/cloudbus/cloudsim/container/containerPlacementPolicies/ContainerPlacementPolicyRandomSelection.class
org/cloudbus/cloudsim/container/schedulers/ContainerScheduler.class
org/cloudbus/cloudsim/util/WorkloadModel.class
org/cloudbus/cloudsim/power/PowerVmSelectionPolicy.class
org/cloudbus/cloudsim/network/GraphReaderBrite.class
org/cloudbus/cloudsim/network/datacenter/NetworkCloudletSpaceSharedScheduler.class
org/cloudbus/cloudsim/core/predicates/Predicate.class
org/cloudbus/cloudsim/CloudletScheduler.class
org/cloudbus/cloudsim/distributions/ParetoDistr.class
org/cloudbus/cloudsim/container/core/containerCloudSimTags.class
org/cloudbus/cloudsim/power/PowerHost.class
tech/cypherskar/cloudex/components/algorithms/bullet/Bullet$2.class
org/cloudbus/cloudsim/container/utils/RandomGen.class
org/cloudbus/cloudsim/container/resourceAllocators/ContainerAllocationPolicySimple.class
org/cloudbus/cloudsim/container/containerPlacementPolicies/ContainerPlacementPolicyMostFull.class
org/cloudbus/cloudsim/container/vmSelectionPolicies/PowerContainerVmSelectionPolicyMaximumCorrelation.class
org/cloudbus/cloudsim/power/models/PowerModelCubic.class
tech/cypherskar/cloudex/templates/setups/ABrokerSetup.class
org/cloudbus/cloudsim/container/containerProvisioners/ContainerBwProvisioner.class
org/cloudbus/cloudsim/network/datacenter/NetworkCloudlet.class
tech/cypherskar/cloudex/controllers/Datacenters.class
org/cloudbus/cloudsim/VmAllocationPolicySimple.class
tech/cypherskar/cloudex/utils/NumberMixer$RandomStyle.class
tech/cypherskar/cloudex/components/algorithms/aco/FitnessFunction.class
org/cloudbus/cloudsim/distributions/WeibullDistr.class
org/cloudbus/cloudsim/UtilizationModelFull.class
org/cloudbus/cloudsim/container/resourceAllocatorMigrationEnabled/PowerContainerVmAllocationPolicyMigrationAbstract.class
org/cloudbus/cloudsim/network/DelayMatrix_Float.class
org/cloudbus/cloudsim/container/containerSelectionPolicies/PowerContainerSelectionPolicy.class
org/cloudbus/cloudsim/VmSchedulerSpaceShared.class
org/cloudbus/cloudsim/power/models/PowerModelSpecPower.class
org/cloudbus/cloudsim/core/CloudInformationService.class
tech/cypherskar/cloudex/controllers/Brokers.class
tech/cypherskar/cloudex/components/window/Exports$1.class
org/cloudbus/cloudsim/container/containerProvisioners/ContainerPe.class
org/cloudbus/cloudsim/network/datacenter/NetworkVmAllocationPolicy.class
org/cloudbus/cloudsim/core/predicates/PredicateFrom.class
tech/cypherskar/cloudex/bridges/ASimulationBridge.class
org/cloudbus/cloudsim/container/resourceAllocators/PowerContainerAllocationPolicySimple.class
tech/cypherskar/cloudex/components/algorithms/pso/FitnessFunction.class
org/cloudbus/cloudsim/container/containerVmProvisioners/ContainerVmRamProvisioner.class
org/cloudbus/cloudsim/container/resourceAllocatorMigrationEnabled/PowerContainerVmAllocationPolicyMigrationAbstractContainerHostSelectionUnderUtilizedAdded.class
org/cloudbus/cloudsim/container/core/ContainerDatacenter.class
org/cloudbus/cloudsim/container/hostSelectionPolicies/HostSelectionPolicyMinimumCorrelation.class
org/cloudbus/cloudsim/power/PowerVmAllocationPolicyAbstract.class
org/cloudbus/cloudsim/container/resourceAllocators/ContainerVmAllocationPolicy.class
org/cloudbus/cloudsim/container/containerSelectionPolicies/PowerContainerSelectionPolicyMinimumMigrationTime.class
tech/cypherskar/cloudex/components/algorithms/aco/ACO_Refactored.class
tech/cypherskar/cloudex/components/algorithms/pso/PSO.class
org/cloudbus/cloudsim/File.class
tech/cypherskar/cloudex/utils/NumberMixer.class
org/cloudbus/cloudsim/core/FutureQueue.class
org/cloudbus/cloudsim/ResCloudlet.class
org/cloudbus/cloudsim/container/utils/CostumeCSVReader.class
org/cloudbus/cloudsim/provisioners/BwProvisionerSimple.class
tech/cypherskar/cloudex/utils/ArrayUtils.class
org/cloudbus/cloudsim/network/TopologicalNode.class
org/cloudbus/cloudsim/network/datacenter/Switch.class
tech/cypherskar/cloudex/components/window/Charts.class
org/cloudbus/cloudsim/container/hostSelectionPolicies/HostSelectionPolicyRandomSelection.class
org/cloudbus/cloudsim/network/TopologicalLink.class
org/cloudbus/cloudsim/network/datacenter/NetworkPacket.class
org/cloudbus/cloudsim/Host.class
org/cloudbus/cloudsim/network/datacenter/NetworkVm.class
org/cloudbus/cloudsim/core/CloudSim.class
org/cloudbus/cloudsim/Pe.class
org/cloudbus/cloudsim/container/schedulers/ContainerVmScheduler.class
org/cloudbus/cloudsim/container/lists/PowerContainerList.class
org/cloudbus/cloudsim/power/models/PowerModelSpecPowerIbmX3250XeonX3470.class
org/cloudbus/cloudsim/core/predicates/PredicateNotType.class
org/cloudbus/cloudsim/container/containerVmProvisioners/ContainerVmPeProvisionerSimple.class
org/cloudbus/cloudsim/distributions/ZipfDistr.class
tech/cypherskar/cloudex/templates/setups/ADatacenterSetup.class
tech/cypherskar/cloudex/bridges/ADatacenterSetupBridge.class
org/cloudbus/cloudsim/power/models/PowerModelSpecPowerHpProLiantMl110G5Xeon3075.class
org/cloudbus/cloudsim/container/containerVmProvisioners/ContainerVmBwProvisioner.class
org/cloudbus/cloudsim/container/utils/RandomGaussian.class
org/cloudbus/cloudsim/Log.class
org/cloudbus/cloudsim/VmAllocationPolicy.class
org/cloudbus/cloudsim/power/PowerVmAllocationPolicyMigrationInterQuartileRange.class
org/cloudbus/cloudsim/power/PowerDatacenterBroker.class
tech/cypherskar/cloudex/components/algorithms/shortestjobfirst/ShortestJobFirst$1.class
org/cloudbus/cloudsim/container/resourceAllocatorMigrationEnabled/PowerContainerVmAllocationPolicyMigrationAbstractHostSelection.class
org/cloudbus/cloudsim/container/core/PowerContainer.class
org/cloudbus/cloudsim/container/core/ContainerHostDynamicWorkload.class
tech/cypherskar/cloudex/controllers/Brokers$TasksSplit.class
org/cloudbus/cloudsim/CloudletSchedulerSpaceShared.class
org/cloudbus/cloudsim/container/schedulers/ContainerSchedulerTimeShared.class
org/cloudbus/cloudsim/container/lists/ContainerList.class
org/cloudbus/cloudsim/container/core/ContainerHost.class
org/cloudbus/cloudsim/container/core/PowerContainerDatacenterCM.class
org/cloudbus/cloudsim/network/datacenter/RootSwitch.class
org/cloudbus/cloudsim/container/core/ContainerHostList$2.class
org/cloudbus/cloudsim/power/PowerVmAllocationPolicySimple.class
org/cloudbus/cloudsim/provisioners/RamProvisioner.class
tech/cypherskar/Example.class
org/cloudbus/cloudsim/distributions/UniformDistr.class
org/cloudbus/cloudsim/container/core/ContainerHostList.class
org/cloudbus/cloudsim/HostStateHistoryEntry.class
tech/cypherskar/cloudex/controllers/Brokers$1.class
org/cloudbus/cloudsim/container/core/ContainerCloudlet.class
org/cloudbus/cloudsim/power/lists/PowerVmList$1.class
tech/cypherskar/cloudex/components/algorithms/aco/ACO.class
org/cloudbus/cloudsim/VmStateHistoryEntry.class
org/cloudbus/cloudsim/ParameterException.class
org/cloudbus/cloudsim/Vm.class
org/cloudbus/cloudsim/power/PowerHostUtilizationHistory.class
org/cloudbus/cloudsim/container/containerProvisioners/ContainerRamProvisionerSimple.class
tech/cypherskar/cloudex/controllers/Window$1.class
tech/cypherskar/cloudex/controllers/Simulations$1.class
org/cloudbus/cloudsim/container/schedulers/ContainerVmSchedulerTimeShared.class
org/cloudbus/cloudsim/network/datacenter/NetworkHost.class
org/cloudbus/cloudsim/power/PowerVmSelectionPolicyMinimumMigrationTime.class
org/cloudbus/cloudsim/container/hostSelectionPolicies/HostSelectionPolicyLeastFull.class
org/cloudbus/cloudsim/container/core/ContainerHostList$1.class
tech/cypherskar/cloudex/components/algorithms/minmin/MinMin.class
tech/cypherskar/cloudex/controllers/Simulations.class
tech/cypherskar/cloudex/components/algorithms/bullet/Bullet$GunType.class
org/cloudbus/cloudsim/power/models/PowerModelSpecPowerIbmX3550XeonX5670.class
org/cloudbus/cloudsim/container/core/PowerContainerHostUtilizationHistory.class
org/cloudbus/cloudsim/container/containerProvisioners/CotainerPeProvisionerSimple.class
org/cloudbus/cloudsim/container/hostSelectionPolicies/HostSelectionPolicyFirstFit.class
tech/cypherskar/cloudex/components/cloudsim/AWorkloadFileReader.class
org/cloudbus/cloudsim/network/datacenter/HostPacket.class
org/cloudbus/cloudsim/provisioners/PeProvisioner.class
org/cloudbus/cloudsim/Storage.class
org/cloudbus/cloudsim/power/PowerVmAllocationPolicyMigrationAbstract.class
tech/cypherskar/cloudex/controllers/Datacenters$VmScheduler.class
org/cloudbus/cloudsim/container/schedulers/ContainerVmSchedulerTimeSharedOverSubscription.class
org/cloudbus/cloudsim/container/resourceAllocatorMigrationEnabled/PowerContainerVmAllocationPolicyMigrationStaticThreshold.class
org/cloudbus/cloudsim/container/containerSelectionPolicies/PowerContainerSelectionPolicyCor.class
org/cloudbus/cloudsim/power/models/PowerModelSquare.class
org/cloudbus/cloudsim/InfoPacket.class
tech/cypherskar/cloudex/components/algorithms/minmin/MinMin$Variation.class
org/cloudbus/cloudsim/lists/CloudletList.class
org/cloudbus/cloudsim/NetworkTopology.class
tech/cypherskar/cloudex/controllers/Brokers$TaskScheduler.class
org/cloudbus/cloudsim/HostDynamicWorkload.class
org/cloudbus/cloudsim/container/containerProvisioners/ContainerBwProvisionerSimple.class
org/cloudbus/cloudsim/lists/VmList.class
