tech/cypherskar/cloudex/templates/setups/AVirtualMachine.class
tech/cypherskar/cloudex/components/algorithms/bullet/Bullet.class
tech/cypherskar/cloudex/components/window/Exports.class
tech/cypherskar/cloudex/templates/setups/ADatacenterSetup.class
tech/cypherskar/cloudex/bridges/ADatacenterSetupBridge.class
tech/cypherskar/cloudex/bridges/ACloudletBridge.class
tech/cypherskar/cloudex/components/cloudsim/ABroker.class
tech/cypherskar/cloudex/utils/NumberMixer$1.class
tech/cypherskar/cloudex/components/algorithms/honeybee/AVirtualMachine.class
tech/cypherskar/cloudex/controllers/Datacenters$1.class
tech/cypherskar/cloudex/components/algorithms/shortestjobfirst/ShortestJobFirst.class
tech/cypherskar/cloudex/components/algorithms/bullet/Bullet$1.class
tech/cypherskar/cloudex/bridges/AHostBridge.class
tech/cypherskar/cloudex/components/algorithms/pso/Particle$1.class
tech/cypherskar/cloudex/components/algorithms/ipso/FitnessFunction.class
tech/cypherskar/cloudex/components/algorithms/honeybee/LBA_HB.class
tech/cypherskar/cloudex/components/algorithms/pso/PSO$1.class
tech/cypherskar/cloudex/bridges/ABrokerSetupBridge.class
tech/cypherskar/cloudex/components/algorithms/shortestjobfirst/ShortestJobFirst$1.class
tech/cypherskar/cloudex/components/algorithms/standard/StandardSim.class
tech/cypherskar/cloudex/templates/infos/ASimulationInfo.class
tech/cypherskar/cloudex/controllers/Brokers$TasksSplit.class
tech/cypherskar/cloudex/components/window/Tables$1.class
tech/cypherskar/cloudex/components/algorithms/bullet/Bullet$2.class
tech/cypherskar/cloudex/components/cloudsim/ASimulation.class
tech/cypherskar/cloudex/components/algorithms/pso/PSO$Position.class
tech/cypherskar/cloudex/components/algorithms/honeybee/AHost.class
tech/cypherskar/cloudex/templates/setups/ABrokerSetup.class
tech/cypherskar/cloudex/controllers/Brokers$1.class
tech/cypherskar/cloudex/components/algorithms/aco/ACO.class
tech/cypherskar/cloudex/components/window/Tables.class
tech/cypherskar/cloudex/controllers/Datacenters.class
tech/cypherskar/cloudex/utils/NumberMixer$RandomStyle.class
tech/cypherskar/cloudex/controllers/Window$1.class
tech/cypherskar/cloudex/components/algorithms/aco/FitnessFunction.class
tech/cypherskar/cloudex/controllers/Simulations$1.class
tech/cypherskar/cloudex/components/algorithms/minmin/MinMin.class
tech/cypherskar/cloudex/components/algorithms/ipso/Particle.class
tech/cypherskar/cloudex/controllers/Brokers.class
tech/cypherskar/cloudex/controllers/Simulations.class
tech/cypherskar/cloudex/components/algorithms/bullet/Bullet$GunType.class
tech/cypherskar/cloudex/components/window/Exports$1.class
tech/cypherskar/cloudex/components/window/Progress.class
tech/cypherskar/cloudex/components/algorithms/pso/PSO$Inertia.class
tech/cypherskar/cloudex/bridges/AVirtualMachineBridge.class
tech/cypherskar/cloudex/components/algorithms/ipso/Particle$1.class
tech/cypherskar/cloudex/bridges/ASimulationBridge.class
tech/cypherskar/cloudex/components/cloudsim/AWorkloadFileReader.class
tech/cypherskar/cloudex/components/algorithms/pso/FitnessFunction.class
tech/cypherskar/cloudex/templates/setups/ACloudlet.class
tech/cypherskar/cloudex/templates/setups/AHost.class
tech/cypherskar/cloudex/controllers/Window.class
tech/cypherskar/cloudex/controllers/Experiment.class
tech/cypherskar/cloudex/controllers/Datacenters$VmScheduler.class
tech/cypherskar/cloudex/components/algorithms/aco/AAnt.class
tech/cypherskar/cloudex/components/algorithms/pso/Particle.class
tech/cypherskar/App.class
tech/cypherskar/cloudex/components/algorithms/aco/ACO_Refactored.class
tech/cypherskar/cloudex/components/algorithms/pso/PSO.class
tech/cypherskar/cloudex/components/algorithms/minmin/MinMin$1.class
tech/cypherskar/cloudex/utils/NumberMixer.class
tech/cypherskar/cloudex/components/algorithms/minmin/MinMin$Variation.class
tech/cypherskar/cloudex/components/algorithms/ipso/IPSO.class
tech/cypherskar/cloudex/components/algorithms/ipso/IPSO$1.class
tech/cypherskar/cloudex/utils/ArrayUtils.class
tech/cypherskar/cloudex/components/window/Tables$TableMode.class
tech/cypherskar/cloudex/controllers/Brokers$TaskScheduler.class
tech/cypherskar/cloudex/components/window/Charts.class
