/home/eslam/Desktop/cloud-research/src/main/java/tech/cypherskar/cloudex/controllers/Experiment.java
/home/eslam/Desktop/cloud-research/src/main/java/tech/cypherskar/cloudex/components/algorithms/aco/AAnt.java
/home/eslam/Desktop/cloud-research/src/main/java/tech/cypherskar/cloudex/components/algorithms/honeybee/AVirtualMachine.java
/home/eslam/Desktop/cloud-research/src/main/java/tech/cypherskar/cloudex/components/algorithms/standard/StandardSim.java
/home/eslam/Desktop/cloud-research/src/main/java/tech/cypherskar/cloudex/components/algorithms/ipso/Particle.java
/home/eslam/Desktop/cloud-research/src/main/java/tech/cypherskar/cloudex/components/cloudsim/ASimulation.java
/home/eslam/Desktop/cloud-research/src/main/java/tech/cypherskar/cloudex/components/algorithms/ipso/IPSO.java
/home/eslam/Desktop/cloud-research/src/main/java/tech/cypherskar/cloudex/bridges/AHostBridge.java
/home/eslam/Desktop/cloud-research/src/main/java/tech/cypherskar/cloudex/bridges/ABrokerSetupBridge.java
/home/eslam/Desktop/cloud-research/src/main/java/tech/cypherskar/cloudex/components/algorithms/aco/ACO.java
/home/eslam/Desktop/cloud-research/src/main/java/tech/cypherskar/cloudex/components/cloudsim/ABroker.java
/home/eslam/Desktop/cloud-research/src/main/java/tech/cypherskar/cloudex/components/algorithms/aco/ACO_Refactored.java
/home/eslam/Desktop/cloud-research/src/main/java/tech/cypherskar/cloudex/controllers/Datacenters.java
/home/eslam/Desktop/cloud-research/src/main/java/tech/cypherskar/cloudex/utils/NumberMixer.java
/home/eslam/Desktop/cloud-research/src/main/java/tech/cypherskar/cloudex/components/window/Charts.java
/home/eslam/Desktop/cloud-research/src/main/java/tech/cypherskar/cloudex/bridges/ACloudletBridge.java
/home/eslam/Desktop/cloud-research/src/main/java/tech/cypherskar/cloudex/components/cloudsim/AWorkloadFileReader.java
/home/eslam/Desktop/cloud-research/src/main/java/tech/cypherskar/cloudex/controllers/Simulations.java
/home/eslam/Desktop/cloud-research/src/main/java/tech/cypherskar/cloudex/components/algorithms/pso/PSO.java
/home/eslam/Desktop/cloud-research/src/main/java/tech/cypherskar/cloudex/components/algorithms/minmin/MinMin.java
/home/eslam/Desktop/cloud-research/src/main/java/tech/cypherskar/cloudex/controllers/Brokers.java
/home/eslam/Desktop/cloud-research/src/main/java/tech/cypherskar/cloudex/components/window/Exports.java
/home/eslam/Desktop/cloud-research/src/main/java/tech/cypherskar/cloudex/components/algorithms/aco/FitnessFunction.java
/home/eslam/Desktop/cloud-research/src/main/java/tech/cypherskar/cloudex/templates/infos/ASimulationInfo.java
/home/eslam/Desktop/cloud-research/src/main/java/tech/cypherskar/cloudex/templates/setups/ADatacenterSetup.java
/home/eslam/Desktop/cloud-research/src/main/java/tech/cypherskar/cloudex/components/window/Progress.java
/home/eslam/Desktop/cloud-research/src/main/java/tech/cypherskar/cloudex/utils/ArrayUtils.java
/home/eslam/Desktop/cloud-research/src/main/java/tech/cypherskar/cloudex/bridges/ASimulationBridge.java
/home/eslam/Desktop/cloud-research/src/main/java/tech/cypherskar/cloudex/components/algorithms/honeybee/AHost.java
/home/eslam/Desktop/cloud-research/src/main/java/tech/cypherskar/cloudex/templates/setups/AHost.java
/home/eslam/Desktop/cloud-research/src/main/java/tech/cypherskar/cloudex/templates/setups/AVirtualMachine.java
/home/eslam/Desktop/cloud-research/src/main/java/tech/cypherskar/cloudex/components/algorithms/bullet/Bullet.java
/home/eslam/Desktop/cloud-research/src/main/java/tech/cypherskar/cloudex/controllers/Window.java
/home/eslam/Desktop/cloud-research/src/main/java/tech/cypherskar/cloudex/components/algorithms/pso/FitnessFunction.java
/home/eslam/Desktop/cloud-research/src/main/java/tech/cypherskar/cloudex/components/algorithms/shortestjobfirst/ShortestJobFirst.java
/home/eslam/Desktop/cloud-research/src/main/java/tech/cypherskar/cloudex/bridges/AVirtualMachineBridge.java
/home/eslam/Desktop/cloud-research/src/main/java/tech/cypherskar/cloudex/bridges/ADatacenterSetupBridge.java
/home/eslam/Desktop/cloud-research/src/main/java/tech/cypherskar/cloudex/components/window/Tables.java
/home/eslam/Desktop/cloud-research/src/main/java/tech/cypherskar/cloudex/components/algorithms/pso/Particle.java
/home/eslam/Desktop/cloud-research/src/main/java/tech/cypherskar/cloudex/components/algorithms/honeybee/LBA_HB.java
/home/eslam/Desktop/cloud-research/src/main/java/tech/cypherskar/cloudex/components/algorithms/ipso/FitnessFunction.java
/home/eslam/Desktop/cloud-research/src/main/java/tech/cypherskar/cloudex/templates/setups/ABrokerSetup.java
/home/eslam/Desktop/cloud-research/src/main/java/tech/cypherskar/App.java
/home/eslam/Desktop/cloud-research/src/main/java/tech/cypherskar/cloudex/templates/setups/ACloudlet.java
