/home/eslam/Desktop/Cloud_Researcher/src/main/java/com/upm/researcher/bridges/AVirtualMachineBridge.java
/home/eslam/Desktop/Cloud_Researcher/src/main/java/com/upm/researcher/components/algorithms/aco/ACO.java
/home/eslam/Desktop/Cloud_Researcher/src/main/java/com/upm/researcher/templates/setups/AHost.java
/home/eslam/Desktop/Cloud_Researcher/src/main/java/com/upm/researcher/components/algorithms/honeybee/AVirtualMachine.java
/home/eslam/Desktop/Cloud_Researcher/src/main/java/com/upm/researcher/controllers/Simulations.java
/home/eslam/Desktop/Cloud_Researcher/src/main/java/com/upm/researcher/components/algorithms/minmin/MinMin.java
/home/eslam/Desktop/Cloud_Researcher/src/main/java/com/upm/researcher/utils/NumberMixer.java
/home/eslam/Desktop/Cloud_Researcher/src/main/java/com/upm/researcher/components/cloudsim/ASimulation.java
/home/eslam/Desktop/Cloud_Researcher/src/main/java/com/upm/researcher/components/cloudsim/ABroker.java
/home/eslam/Desktop/Cloud_Researcher/src/main/java/com/upm/researcher/controllers/Datacenters.java
/home/eslam/Desktop/Cloud_Researcher/src/main/java/com/upm/researcher/bridges/ACloudletBridge.java
/home/eslam/Desktop/Cloud_Researcher/src/main/java/com/upm/researcher/controllers/Window.java
/home/eslam/Desktop/Cloud_Researcher/src/main/java/com/upm/researcher/templates/infos/ASimulationInfo.java
/home/eslam/Desktop/Cloud_Researcher/src/main/java/com/upm/App.java
/home/eslam/Desktop/Cloud_Researcher/src/main/java/com/upm/researcher/templates/setups/ADatacenterSetup.java
/home/eslam/Desktop/Cloud_Researcher/src/main/java/com/upm/researcher/components/algorithms/pso/PSO.java
/home/eslam/Desktop/Cloud_Researcher/src/main/java/com/upm/researcher/templates/infos/BrokersInfo.java
/home/eslam/Desktop/Cloud_Researcher/src/main/java/com/upm/researcher/bridges/AHostBridge.java
/home/eslam/Desktop/Cloud_Researcher/src/main/java/com/upm/researcher/components/algorithms/pso/FitnessFunction.java
/home/eslam/Desktop/Cloud_Researcher/src/main/java/com/upm/researcher/components/window/Tables.java
/home/eslam/Desktop/Cloud_Researcher/src/main/java/com/upm/researcher/components/cloudsim/AWorkloadFileReader.java
/home/eslam/Desktop/Cloud_Researcher/src/main/java/com/upm/researcher/bridges/ABrokerSetupBridge.java
/home/eslam/Desktop/Cloud_Researcher/src/main/java/com/upm/researcher/components/algorithms/honeybee/LBA_HB.java
/home/eslam/Desktop/Cloud_Researcher/src/main/java/com/upm/researcher/templates/setups/ACloudlet.java
/home/eslam/Desktop/Cloud_Researcher/src/main/java/com/upm/researcher/components/algorithms/bullet/Bullet.java
/home/eslam/Desktop/Cloud_Researcher/src/main/java/com/upm/researcher/bridges/ADatacenterSetupBridge.java
/home/eslam/Desktop/Cloud_Researcher/src/main/java/com/upm/researcher/components/window/Setup.java
/home/eslam/Desktop/Cloud_Researcher/src/main/java/com/upm/researcher/components/algorithms/honeybee/AHost.java
/home/eslam/Desktop/Cloud_Researcher/src/main/java/com/upm/researcher/components/algorithms/standard/StandardSim.java
/home/eslam/Desktop/Cloud_Researcher/src/main/java/com/upm/researcher/controllers/Experiment.java
/home/eslam/Desktop/Cloud_Researcher/src/main/java/com/upm/researcher/templates/infos/DatacentersInfo.java
/home/eslam/Desktop/Cloud_Researcher/src/main/java/com/upm/researcher/components/window/Progress.java
/home/eslam/Desktop/Cloud_Researcher/src/main/java/com/upm/researcher/templates/setups/AVirtualMachine.java
/home/eslam/Desktop/Cloud_Researcher/src/main/java/com/upm/researcher/bridges/ASimulationBridge.java
/home/eslam/Desktop/Cloud_Researcher/src/main/java/com/upm/researcher/components/algorithms/aco/FitnessFunction.java
/home/eslam/Desktop/Cloud_Researcher/src/main/java/com/upm/researcher/components/algorithms/ipso/IPSO.java
/home/eslam/Desktop/Cloud_Researcher/src/main/java/com/upm/researcher/components/algorithms/shortestjobfirst/ShortestJobFirst.java
/home/eslam/Desktop/Cloud_Researcher/src/main/java/com/upm/researcher/controllers/Brokers.java
/home/eslam/Desktop/Cloud_Researcher/src/main/java/com/upm/researcher/components/algorithms/aco/ACO_Refactored.java
/home/eslam/Desktop/Cloud_Researcher/src/main/java/com/upm/researcher/components/algorithms/ipso/Particle.java
/home/eslam/Desktop/Cloud_Researcher/src/main/java/com/upm/researcher/components/window/Exports.java
/home/eslam/Desktop/Cloud_Researcher/src/main/java/com/upm/researcher/components/algorithms/aco/AAnt.java
/home/eslam/Desktop/Cloud_Researcher/src/main/java/com/upm/researcher/components/algorithms/pso/Particle.java
/home/eslam/Desktop/Cloud_Researcher/src/main/java/com/upm/researcher/components/algorithms/ipso/FitnessFunction.java
/home/eslam/Desktop/Cloud_Researcher/src/main/java/com/upm/researcher/utils/ArrayUtils.java
/home/eslam/Desktop/Cloud_Researcher/src/main/java/com/upm/researcher/templates/setups/ABrokerSetup.java
/home/eslam/Desktop/Cloud_Researcher/src/main/java/com/upm/researcher/components/window/Charts.java
