/home/eslam/Desktop/cloud-research/src/main/java/org/cloudbus/cloudsim/distributions/ContinuousDistribution.java
/home/eslam/Desktop/cloud-research/src/main/java/org/cloudbus/cloudsim/container/core/containerCloudSimTags.java
/home/eslam/Desktop/cloud-research/src/main/java/org/cloudbus/cloudsim/container/core/ContainerHostDynamicWorkload.java
/home/eslam/Desktop/cloud-research/src/main/java/org/cloudbus/cloudsim/power/models/PowerModelSpecPowerIbmX3550XeonX5675.java
/home/eslam/Desktop/cloud-research/src/main/java/org/cloudbus/cloudsim/provisioners/PeProvisioner.java
/home/eslam/Desktop/cloud-research/src/main/java/org/cloudbus/cloudsim/distributions/WeibullDistr.java
/home/eslam/Desktop/cloud-research/src/main/java/org/cloudbus/cloudsim/Packet.java
/home/eslam/Desktop/cloud-research/src/main/java/org/cloudbus/cloudsim/VmSchedulerTimeSharedOverSubscription.java
/home/eslam/Desktop/cloud-research/src/main/java/org/cloudbus/cloudsim/container/resourceAllocatorMigrationEnabled/PowerContainerVmAllocationPolicyMigrationStaticThresholdMCUnderUtilized.java
/home/eslam/Desktop/cloud-research/src/main/java/org/cloudbus/cloudsim/container/resourceAllocators/ContainerAllocationPolicySimple.java
/home/eslam/Desktop/cloud-research/src/main/java/org/cloudbus/cloudsim/container/containerPlacementPolicies/ContainerPlacementPolicy.java
/home/eslam/Desktop/cloud-research/src/main/java/tech/cypherskar/cloudex/components/algorithms/aco/ACO.java
/home/eslam/Desktop/cloud-research/src/main/java/org/cloudbus/cloudsim/VmAllocationPolicySimple.java
/home/eslam/Desktop/cloud-research/src/main/java/org/cloudbus/cloudsim/Consts.java
/home/eslam/Desktop/cloud-research/src/main/java/org/cloudbus/cloudsim/power/models/PowerModelSpecPowerIbmX3250XeonX3470.java
/home/eslam/Desktop/cloud-research/src/main/java/tech/cypherskar/cloudex/controllers/Datacenters.java
/home/eslam/Desktop/cloud-research/src/main/java/tech/cypherskar/cloudex/controllers/Brokers.java
/home/eslam/Desktop/cloud-research/src/main/java/org/cloudbus/cloudsim/VmStateHistoryEntry.java
/home/eslam/Desktop/cloud-research/src/main/java/org/cloudbus/cloudsim/core/SimEvent.java
/home/eslam/Desktop/cloud-research/src/main/java/org/cloudbus/cloudsim/HarddriveStorage.java
/home/eslam/Desktop/cloud-research/src/main/java/tech/cypherskar/cloudex/utils/ArrayUtils.java
/home/eslam/Desktop/cloud-research/src/main/java/org/cloudbus/cloudsim/core/predicates/Predicate.java
/home/eslam/Desktop/cloud-research/src/main/java/org/cloudbus/cloudsim/container/core/ContainerCloudlet.java
/home/eslam/Desktop/cloud-research/src/main/java/org/cloudbus/cloudsim/network/datacenter/NetworkVmAllocationPolicy.java
/home/eslam/Desktop/cloud-research/src/main/java/org/cloudbus/cloudsim/InfoPacket.java
/home/eslam/Desktop/cloud-research/src/main/java/org/cloudbus/cloudsim/container/containerProvisioners/ContainerPe.java
/home/eslam/Desktop/cloud-research/src/main/java/tech/cypherskar/cloudex/components/algorithms/shortestjobfirst/ShortestJobFirst.java
/home/eslam/Desktop/cloud-research/src/main/java/org/cloudbus/cloudsim/container/schedulers/ContainerScheduler.java
/home/eslam/Desktop/cloud-research/src/main/java/org/cloudbus/cloudsim/container/core/ContainerVm.java
/home/eslam/Desktop/cloud-research/src/main/java/tech/cypherskar/cloudex/components/algorithms/honeybee/LBA_HB.java
/home/eslam/Desktop/cloud-research/src/main/java/org/cloudbus/cloudsim/core/predicates/PredicateNotType.java
/home/eslam/Desktop/cloud-research/src/main/java/org/cloudbus/cloudsim/network/datacenter/TaskStage.java
/home/eslam/Desktop/cloud-research/src/main/java/org/cloudbus/cloudsim/container/lists/ContainerList.java
/home/eslam/Desktop/cloud-research/src/main/java/org/cloudbus/cloudsim/container/containerPlacementPolicies/ContainerPlacementPolicyRandomSelection.java
/home/eslam/Desktop/cloud-research/src/main/java/org/cloudbus/cloudsim/network/FloydWarshall_Float.java
/home/eslam/Desktop/cloud-research/src/main/java/org/cloudbus/cloudsim/SanStorage.java
/home/eslam/Desktop/cloud-research/src/main/java/tech/cypherskar/cloudex/components/algorithms/honeybee/AVirtualMachine.java
/home/eslam/Desktop/cloud-research/src/main/java/org/cloudbus/cloudsim/container/core/PowerContainerDatacenterCM.java
/home/eslam/Desktop/cloud-research/src/main/java/org/cloudbus/cloudsim/power/models/PowerModelSpecPowerHpProLiantMl110G5Xeon3075.java
/home/eslam/Desktop/cloud-research/src/main/java/org/cloudbus/cloudsim/Host.java
/home/eslam/Desktop/cloud-research/src/main/java/org/cloudbus/cloudsim/network/datacenter/HostPacket.java
/home/eslam/Desktop/cloud-research/src/main/java/org/cloudbus/cloudsim/Storage.java
/home/eslam/Desktop/cloud-research/src/main/java/org/cloudbus/cloudsim/power/models/PowerModelSpecPowerIbmX3250XeonX3480.java
/home/eslam/Desktop/cloud-research/src/main/java/org/cloudbus/cloudsim/container/containerSelectionPolicies/PowerContainerSelectionPolicy.java
/home/eslam/Desktop/cloud-research/src/main/java/org/cloudbus/cloudsim/util/ExecutionTimeMeasurer.java
/home/eslam/Desktop/cloud-research/src/main/java/org/cloudbus/cloudsim/lists/HostList.java
/home/eslam/Desktop/cloud-research/src/main/java/org/cloudbus/cloudsim/CloudletScheduler.java
/home/eslam/Desktop/cloud-research/src/main/java/tech/cypherskar/cloudex/templates/setups/ADatacenterSetup.java
/home/eslam/Desktop/cloud-research/src/main/java/org/cloudbus/cloudsim/util/WorkloadModel.java
/home/eslam/Desktop/cloud-research/src/main/java/org/cloudbus/cloudsim/container/resourceAllocators/PowerContainerAllocationPolicy.java
/home/eslam/Desktop/cloud-research/src/main/java/org/cloudbus/cloudsim/power/PowerHost.java
/home/eslam/Desktop/cloud-research/src/main/java/org/cloudbus/cloudsim/core/predicates/PredicateAny.java
/home/eslam/Desktop/cloud-research/src/main/java/org/cloudbus/cloudsim/power/models/PowerModelSpecPower.java
/home/eslam/Desktop/cloud-research/src/main/java/org/cloudbus/cloudsim/power/models/PowerModelSpecPowerIbmX3550XeonX5670.java
/home/eslam/Desktop/cloud-research/src/main/java/org/cloudbus/cloudsim/container/hostSelectionPolicies/HostSelectionPolicy.java
/home/eslam/Desktop/cloud-research/src/main/java/org/cloudbus/cloudsim/power/models/PowerModelLinear.java
/home/eslam/Desktop/cloud-research/src/main/java/org/cloudbus/cloudsim/provisioners/BwProvisioner.java
/home/eslam/Desktop/cloud-research/src/main/java/org/cloudbus/cloudsim/power/PowerVmSelectionPolicy.java
/home/eslam/Desktop/cloud-research/src/main/java/org/cloudbus/cloudsim/container/core/ContainerDatacenter.java
/home/eslam/Desktop/cloud-research/src/main/java/org/cloudbus/cloudsim/container/containerVmProvisioners/ContainerVmRamProvisioner.java
/home/eslam/Desktop/cloud-research/src/main/java/org/cloudbus/cloudsim/core/CloudSim.java
/home/eslam/Desktop/cloud-research/src/main/java/org/cloudbus/cloudsim/network/datacenter/NetworkDatacenter.java
/home/eslam/Desktop/cloud-research/src/main/java/org/cloudbus/cloudsim/container/resourceAllocatorMigrationEnabled/PowerContainerVmAllocationPolicyMigrationAbstractHostSelection.java
/home/eslam/Desktop/cloud-research/src/main/java/org/cloudbus/cloudsim/container/containerSelectionPolicies/PowerContainerSelectionPolicyMaximumUsage.java
/home/eslam/Desktop/cloud-research/src/main/java/tech/cypherskar/cloudex/components/algorithms/ipso/FitnessFunction.java
/home/eslam/Desktop/cloud-research/src/main/java/org/cloudbus/cloudsim/core/FutureQueue.java
/home/eslam/Desktop/cloud-research/src/main/java/org/cloudbus/cloudsim/CloudletSchedulerTimeShared.java
/home/eslam/Desktop/cloud-research/src/main/java/tech/cypherskar/cloudex/templates/setups/ACloudlet.java
/home/eslam/Desktop/cloud-research/src/main/java/org/cloudbus/cloudsim/DataCloudTags.java
/home/eslam/Desktop/cloud-research/src/main/java/tech/cypherskar/cloudex/components/algorithms/aco/AAnt.java
/home/eslam/Desktop/cloud-research/src/main/java/org/cloudbus/cloudsim/network/datacenter/NetworkPacket.java
/home/eslam/Desktop/cloud-research/src/main/java/org/cloudbus/cloudsim/container/resourceAllocatorMigrationEnabled/PowerContainerVmAllocationPolicyMigrationStaticThreshold.java
/home/eslam/Desktop/cloud-research/src/main/java/org/cloudbus/cloudsim/container/core/PowerContainerDatacenter.java
/home/eslam/Desktop/cloud-research/src/main/java/org/cloudbus/cloudsim/power/PowerVmAllocationPolicyMigrationStaticThreshold.java
/home/eslam/Desktop/cloud-research/src/main/java/org/cloudbus/cloudsim/Log.java
/home/eslam/Desktop/cloud-research/src/main/java/org/cloudbus/cloudsim/network/datacenter/NetworkHost.java
/home/eslam/Desktop/cloud-research/src/main/java/org/cloudbus/cloudsim/container/core/PowerContainer.java
/home/eslam/Desktop/cloud-research/src/main/java/org/cloudbus/cloudsim/power/PowerVmSelectionPolicyMinimumMigrationTime.java
/home/eslam/Desktop/cloud-research/src/main/java/tech/cypherskar/cloudex/components/window/Exports.java
/home/eslam/Desktop/cloud-research/src/main/java/tech/cypherskar/cloudex/templates/infos/ASimulationInfo.java
/home/eslam/Desktop/cloud-research/src/main/java/org/cloudbus/cloudsim/core/DeferredQueue.java
/home/eslam/Desktop/cloud-research/src/main/java/org/cloudbus/cloudsim/network/datacenter/NetworkVm.java
/home/eslam/Desktop/cloud-research/src/main/java/org/cloudbus/cloudsim/Pe.java
/home/eslam/Desktop/cloud-research/src/main/java/org/cloudbus/cloudsim/core/CloudSimShutdown.java
/home/eslam/Desktop/cloud-research/src/main/java/org/cloudbus/cloudsim/lists/VmList.java
/home/eslam/Desktop/cloud-research/src/main/java/org/cloudbus/cloudsim/power/PowerVmSelectionPolicyMinimumUtilization.java
/home/eslam/Desktop/cloud-research/src/main/java/org/cloudbus/cloudsim/container/containerProvisioners/ContainerBwProvisionerSimple.java
/home/eslam/Desktop/cloud-research/src/main/java/org/cloudbus/cloudsim/Cloudlet.java
/home/eslam/Desktop/cloud-research/src/main/java/org/cloudbus/cloudsim/DatacenterCharacteristics.java
/home/eslam/Desktop/cloud-research/src/main/java/tech/cypherskar/cloudex/components/algorithms/pso/Particle.java
/home/eslam/Desktop/cloud-research/src/main/java/org/cloudbus/cloudsim/VmSchedulerTimeShared.java
/home/eslam/Desktop/cloud-research/src/main/java/org/cloudbus/cloudsim/network/datacenter/NetworkConstants.java
/home/eslam/Desktop/cloud-research/src/main/java/org/cloudbus/cloudsim/container/core/ResContainerCloudlet.java
/home/eslam/Desktop/cloud-research/src/main/java/org/cloudbus/cloudsim/container/utils/RandomGaussian.java
/home/eslam/Desktop/cloud-research/src/main/java/org/cloudbus/cloudsim/container/containerProvisioners/ContainerPeProvisioner.java
/home/eslam/Desktop/cloud-research/src/main/java/tech/cypherskar/cloudex/controllers/Experiment.java
/home/eslam/Desktop/cloud-research/src/main/java/org/cloudbus/cloudsim/core/CloudInformationService.java
/home/eslam/Desktop/cloud-research/src/main/java/org/cloudbus/cloudsim/ResCloudlet.java
/home/eslam/Desktop/cloud-research/src/main/java/org/cloudbus/cloudsim/container/lists/PowerContainerVmList.java
/home/eslam/Desktop/cloud-research/src/main/java/tech/cypherskar/cloudex/components/algorithms/ipso/Particle.java
/home/eslam/Desktop/cloud-research/src/main/java/org/cloudbus/cloudsim/container/core/PowerContainerHost.java
/home/eslam/Desktop/cloud-research/src/main/java/org/cloudbus/cloudsim/container/resourceAllocators/PowerContainerVmAllocationAbstract.java
/home/eslam/Desktop/cloud-research/src/main/java/org/cloudbus/cloudsim/NetworkTopology.java
/home/eslam/Desktop/cloud-research/src/main/java/tech/cypherskar/cloudex/components/cloudsim/ASimulation.java
/home/eslam/Desktop/cloud-research/src/main/java/org/cloudbus/cloudsim/network/datacenter/NetworkCloudletSpaceSharedScheduler.java
/home/eslam/Desktop/cloud-research/src/main/java/org/cloudbus/cloudsim/container/containerSelectionPolicies/PowerContainerSelectionPolicyMinimumMigrationTime.java
/home/eslam/Desktop/cloud-research/src/main/java/tech/cypherskar/cloudex/components/window/Charts.java
/home/eslam/Desktop/cloud-research/src/main/java/tech/cypherskar/cloudex/components/cloudsim/AWorkloadFileReader.java
/home/eslam/Desktop/cloud-research/src/main/java/org/cloudbus/cloudsim/container/hostSelectionPolicies/HostSelectionPolicyFirstFit.java
/home/eslam/Desktop/cloud-research/src/main/java/org/cloudbus/cloudsim/container/schedulers/ContainerSchedulerTimeShared.java
/home/eslam/Desktop/cloud-research/src/main/java/org/cloudbus/cloudsim/provisioners/PeProvisionerSimple.java
/home/eslam/Desktop/cloud-research/src/main/java/org/cloudbus/cloudsim/power/PowerVmAllocationPolicyMigrationInterQuartileRange.java
/home/eslam/Desktop/cloud-research/src/main/java/tech/cypherskar/cloudex/components/algorithms/honeybee/AHost.java
/home/eslam/Desktop/cloud-research/src/main/java/org/cloudbus/cloudsim/container/schedulers/ContainerVmSchedulerTimeSharedOverSubscription.java
/home/eslam/Desktop/cloud-research/src/main/java/org/cloudbus/cloudsim/power/PowerVmAllocationPolicyMigrationAbstract.java
/home/eslam/Desktop/cloud-research/src/main/java/org/cloudbus/cloudsim/power/PowerVmAllocationPolicyAbstract.java
/home/eslam/Desktop/cloud-research/src/main/java/org/cloudbus/cloudsim/FileAttribute.java
/home/eslam/Desktop/cloud-research/src/main/java/org/cloudbus/cloudsim/Datacenter.java
/home/eslam/Desktop/cloud-research/src/main/java/org/cloudbus/cloudsim/container/schedulers/ContainerVmSchedulerTimeShared.java
/home/eslam/Desktop/cloud-research/src/main/java/tech/cypherskar/cloudex/controllers/Window.java
/home/eslam/Desktop/cloud-research/src/main/java/org/cloudbus/cloudsim/container/lists/ContainerPeList.java
/home/eslam/Desktop/cloud-research/src/main/java/org/cloudbus/cloudsim/distributions/ExponentialDistr.java
/home/eslam/Desktop/cloud-research/src/main/java/org/cloudbus/cloudsim/power/models/PowerModel.java
/home/eslam/Desktop/cloud-research/src/main/java/org/cloudbus/cloudsim/container/vmSelectionPolicies/PowerContainerVmSelectionPolicyMaximumUsage.java
/home/eslam/Desktop/cloud-research/src/main/java/org/cloudbus/cloudsim/container/resourceAllocators/PowerContainerVmAllocationSimple.java
/home/eslam/Desktop/cloud-research/src/main/java/org/cloudbus/cloudsim/lists/PeList.java
/home/eslam/Desktop/cloud-research/src/main/java/org/cloudbus/cloudsim/network/DelayMatrix_Float.java
/home/eslam/Desktop/cloud-research/src/main/java/org/cloudbus/cloudsim/container/containerPlacementPolicies/ContainerPlacementPolicyFirstFit.java
/home/eslam/Desktop/cloud-research/src/main/java/org/cloudbus/cloudsim/container/core/PowerContainerVm.java
/home/eslam/Desktop/cloud-research/src/main/java/org/cloudbus/cloudsim/container/lists/ContainerVmList.java
/home/eslam/Desktop/cloud-research/src/main/java/org/cloudbus/cloudsim/container/containerVmProvisioners/ContainerVmRamProvisionerSimple.java
/home/eslam/Desktop/cloud-research/src/main/java/org/cloudbus/cloudsim/container/core/ContainerDatacenterBroker.java
/home/eslam/Desktop/cloud-research/src/main/java/org/cloudbus/cloudsim/UtilizationModelPlanetLabInMemory.java
/home/eslam/Desktop/cloud-research/src/main/java/org/cloudbus/cloudsim/container/hostSelectionPolicies/HostSelectionPolicyMostFull.java
/home/eslam/Desktop/cloud-research/src/main/java/org/cloudbus/cloudsim/container/containerSelectionPolicies/PowerContainerSelectionPolicyMaximumCorrelation.java
/home/eslam/Desktop/cloud-research/src/main/java/org/cloudbus/cloudsim/distributions/UniformDistr.java
/home/eslam/Desktop/cloud-research/src/main/java/org/cloudbus/cloudsim/container/containerVmProvisioners/ContainerVmPe.java
/home/eslam/Desktop/cloud-research/src/main/java/org/cloudbus/cloudsim/container/resourceAllocators/ContainerVmAllocationPolicySimple.java
/home/eslam/Desktop/cloud-research/src/main/java/org/cloudbus/cloudsim/container/schedulers/ContainerVmScheduler.java
/home/eslam/Desktop/cloud-research/src/main/java/org/cloudbus/cloudsim/container/resourceAllocators/ContainerAllocationPolicy.java
/home/eslam/Desktop/cloud-research/src/main/java/org/cloudbus/cloudsim/util/MathUtil.java
/home/eslam/Desktop/cloud-research/src/main/java/org/cloudbus/cloudsim/lists/CloudletList.java
/home/eslam/Desktop/cloud-research/src/main/java/org/cloudbus/cloudsim/container/core/ContainerHostList.java
/home/eslam/Desktop/cloud-research/src/main/java/tech/cypherskar/cloudex/components/algorithms/aco/ACO_Refactored.java
/home/eslam/Desktop/cloud-research/src/main/java/org/cloudbus/cloudsim/power/PowerVmAllocationPolicyMigrationLocalRegression.java
/home/eslam/Desktop/cloud-research/src/main/java/tech/cypherskar/cloudex/components/algorithms/minmin/MinMin.java
/home/eslam/Desktop/cloud-research/src/main/java/tech/cypherskar/cloudex/components/algorithms/aco/FitnessFunction.java
/home/eslam/Desktop/cloud-research/src/main/java/org/cloudbus/cloudsim/container/containerVmProvisioners/ContainerVmBwProvisioner.java
/home/eslam/Desktop/cloud-research/src/main/java/org/cloudbus/cloudsim/container/schedulers/ContainerCloudletSchedulerTimeShared.java
/home/eslam/Desktop/cloud-research/src/main/java/org/cloudbus/cloudsim/power/models/PowerModelSqrt.java
/home/eslam/Desktop/cloud-research/src/main/java/org/cloudbus/cloudsim/power/PowerDatacenter.java
/home/eslam/Desktop/cloud-research/src/main/java/org/cloudbus/cloudsim/container/schedulers/ContainerSchedulerTimeSharedOverSubscription.java
/home/eslam/Desktop/cloud-research/src/main/java/tech/cypherskar/cloudex/components/algorithms/pso/FitnessFunction.java
/home/eslam/Desktop/cloud-research/src/main/java/org/cloudbus/cloudsim/Vm.java
/home/eslam/Desktop/cloud-research/src/main/java/org/cloudbus/cloudsim/container/core/ContainerDatacenterCharacteristics.java
/home/eslam/Desktop/cloud-research/src/main/java/org/cloudbus/cloudsim/UtilizationModelFull.java
/home/eslam/Desktop/cloud-research/src/main/java/org/cloudbus/cloudsim/network/datacenter/NetDatacenterBroker.java
/home/eslam/Desktop/cloud-research/src/main/java/org/cloudbus/cloudsim/provisioners/RamProvisionerSimple.java
/home/eslam/Desktop/cloud-research/src/main/java/org/cloudbus/cloudsim/container/resourceAllocators/ContainerVmAllocationPolicy.java
/home/eslam/Desktop/cloud-research/src/main/java/org/cloudbus/cloudsim/container/utils/RandomGen.java
/home/eslam/Desktop/cloud-research/src/main/java/org/cloudbus/cloudsim/power/PowerVmSelectionPolicyMaximumCorrelation.java
/home/eslam/Desktop/cloud-research/src/main/java/org/cloudbus/cloudsim/network/datacenter/AppCloudlet.java
/home/eslam/Desktop/cloud-research/src/main/java/org/cloudbus/cloudsim/container/resourceAllocatorMigrationEnabled/PowerContainerVmAllocationPolicyMigrationAbstract.java
/home/eslam/Desktop/cloud-research/src/main/java/org/cloudbus/cloudsim/HostDynamicWorkload.java
/home/eslam/Desktop/cloud-research/src/main/java/org/cloudbus/cloudsim/power/PowerVmSelectionPolicyRandomSelection.java
/home/eslam/Desktop/cloud-research/src/main/java/org/cloudbus/cloudsim/lists/ResCloudletList.java
/home/eslam/Desktop/cloud-research/src/main/java/tech/cypherskar/cloudex/components/algorithms/standard/StandardSim.java
/home/eslam/Desktop/cloud-research/src/main/java/org/cloudbus/cloudsim/core/predicates/PredicateNone.java
/home/eslam/Desktop/cloud-research/src/main/java/org/cloudbus/cloudsim/power/PowerVmAllocationPolicySimple.java
/home/eslam/Desktop/cloud-research/src/main/java/tech/cypherskar/cloudex/components/algorithms/ipso/IPSO.java
/home/eslam/Desktop/cloud-research/src/main/java/org/cloudbus/cloudsim/core/predicates/PredicateNotFrom.java
/home/eslam/Desktop/cloud-research/src/main/java/org/cloudbus/cloudsim/container/containerProvisioners/ContainerRamProvisioner.java
/home/eslam/Desktop/cloud-research/src/main/java/org/cloudbus/cloudsim/power/models/PowerModelCubic.java
/home/eslam/Desktop/cloud-research/src/main/java/org/cloudbus/cloudsim/power/PowerDatacenterBroker.java
/home/eslam/Desktop/cloud-research/src/main/java/tech/cypherskar/cloudex/utils/NumberMixer.java
/home/eslam/Desktop/cloud-research/src/main/java/org/cloudbus/cloudsim/container/lists/PowerContainerList.java
/home/eslam/Desktop/cloud-research/src/main/java/tech/cypherskar/cloudex/bridges/ACloudletBridge.java
/home/eslam/Desktop/cloud-research/src/main/java/tech/cypherskar/cloudex/controllers/Simulations.java
/home/eslam/Desktop/cloud-research/src/main/java/org/cloudbus/cloudsim/network/datacenter/RootSwitch.java
/home/eslam/Desktop/cloud-research/src/main/java/org/cloudbus/cloudsim/ParameterException.java
/home/eslam/Desktop/cloud-research/src/main/java/tech/cypherskar/cloudex/templates/setups/AHost.java
/home/eslam/Desktop/cloud-research/src/main/java/org/cloudbus/cloudsim/power/models/PowerModelSquare.java
/home/eslam/Desktop/cloud-research/src/main/java/tech/cypherskar/cloudex/components/algorithms/bullet/Bullet.java
/home/eslam/Desktop/cloud-research/src/main/java/org/cloudbus/cloudsim/File.java
/home/eslam/Desktop/cloud-research/src/main/java/org/cloudbus/cloudsim/UtilizationModelNull.java
/home/eslam/Desktop/cloud-research/src/main/java/org/cloudbus/cloudsim/distributions/LognormalDistr.java
/home/eslam/Desktop/cloud-research/src/main/java/org/cloudbus/cloudsim/container/hostSelectionPolicies/HostSelectionPolicyLeastFull.java
/home/eslam/Desktop/cloud-research/src/main/java/org/cloudbus/cloudsim/network/GraphReaderIF.java
/home/eslam/Desktop/cloud-research/src/main/java/org/cloudbus/cloudsim/VmSchedulerSpaceShared.java
/home/eslam/Desktop/cloud-research/src/main/java/org/cloudbus/cloudsim/container/utils/Correlation.java
/home/eslam/Desktop/cloud-research/src/main/java/org/cloudbus/cloudsim/network/datacenter/EdgeSwitch.java
/home/eslam/Desktop/cloud-research/src/main/java/org/cloudbus/cloudsim/power/lists/PowerVmList.java
/home/eslam/Desktop/cloud-research/src/main/java/tech/cypherskar/cloudex/bridges/ADatacenterSetupBridge.java
/home/eslam/Desktop/cloud-research/src/main/java/org/cloudbus/cloudsim/container/containerSelectionPolicies/PowerContainerSelectionPolicyCor.java
/home/eslam/Desktop/cloud-research/src/main/java/org/cloudbus/cloudsim/container/containerVmProvisioners/ContainerVmPeProvisionerSimple.java
/home/eslam/Desktop/cloud-research/src/main/java/tech/cypherskar/cloudex/templates/setups/ABrokerSetup.java
/home/eslam/Desktop/cloud-research/src/main/java/org/cloudbus/cloudsim/core/SimEntity.java
/home/eslam/Desktop/cloud-research/src/main/java/org/cloudbus/cloudsim/container/containerProvisioners/CotainerPeProvisionerSimple.java
/home/eslam/Desktop/cloud-research/src/main/java/org/cloudbus/cloudsim/power/models/PowerModelSpecPowerHpProLiantMl110G3PentiumD930.java
/home/eslam/Desktop/cloud-research/src/main/java/org/cloudbus/cloudsim/power/PowerVm.java
/home/eslam/Desktop/cloud-research/src/main/java/org/cloudbus/cloudsim/container/resourceAllocators/ContainerAllocationPolicyRS.java
/home/eslam/Desktop/cloud-research/src/main/java/org/cloudbus/cloudsim/container/vmSelectionPolicies/PowerContainerVmSelectionPolicy.java
/home/eslam/Desktop/cloud-research/src/main/java/org/cloudbus/cloudsim/container/utils/CostumeCSVReader.java
/home/eslam/Desktop/cloud-research/src/main/java/org/cloudbus/cloudsim/DatacenterBroker.java
/home/eslam/Desktop/cloud-research/src/main/java/org/cloudbus/cloudsim/power/PowerHostUtilizationHistory.java
/home/eslam/Desktop/cloud-research/src/main/java/tech/cypherskar/cloudex/components/cloudsim/ABroker.java
/home/eslam/Desktop/cloud-research/src/main/java/org/cloudbus/cloudsim/network/datacenter/Switch.java
/home/eslam/Desktop/cloud-research/src/main/java/org/cloudbus/cloudsim/container/containerPlacementPolicies/ContainerPlacementPolicyLeastFull.java
/home/eslam/Desktop/cloud-research/src/main/java/org/cloudbus/cloudsim/network/TopologicalLink.java
/home/eslam/Desktop/cloud-research/src/main/java/tech/cypherskar/cloudex/components/algorithms/pso/PSO.java
/home/eslam/Desktop/cloud-research/src/main/java/tech/cypherskar/cloudex/components/window/Progress.java
/home/eslam/Desktop/cloud-research/src/main/java/org/cloudbus/cloudsim/container/utils/IDs.java
/home/eslam/Desktop/cloud-research/src/main/java/org/cloudbus/cloudsim/container/core/Container.java
/home/eslam/Desktop/cloud-research/src/main/java/org/cloudbus/cloudsim/container/hostSelectionPolicies/HostSelectionPolicyMinimumCorrelation.java
/home/eslam/Desktop/cloud-research/src/main/java/org/cloudbus/cloudsim/network/GraphReaderBrite.java
/home/eslam/Desktop/cloud-research/src/main/java/org/cloudbus/cloudsim/container/hostSelectionPolicies/HostSelectionPolicyRandomSelection.java
/home/eslam/Desktop/cloud-research/src/main/java/org/cloudbus/cloudsim/power/PowerDatacenterNonPowerAware.java
/home/eslam/Desktop/cloud-research/src/main/java/tech/cypherskar/cloudex/templates/setups/AVirtualMachine.java
/home/eslam/Desktop/cloud-research/src/main/java/org/cloudbus/cloudsim/container/resourceAllocatorMigrationEnabled/PowerContainerVmAllocationPolicyMigrationAbstractContainerAdded.java
/home/eslam/Desktop/cloud-research/src/main/java/org/cloudbus/cloudsim/power/PowerVmAllocationPolicyMigrationLocalRegressionRobust.java
/home/eslam/Desktop/cloud-research/src/main/java/org/cloudbus/cloudsim/UtilizationModelStochastic.java
/home/eslam/Desktop/cloud-research/src/main/java/tech/cypherskar/Example.java
/home/eslam/Desktop/cloud-research/src/main/java/org/cloudbus/cloudsim/container/containerVmProvisioners/ContainerVmBwProvisionerSimple.java
/home/eslam/Desktop/cloud-research/src/main/java/org/cloudbus/cloudsim/container/vmSelectionPolicies/PowerContainerVmSelectionPolicyMinimumMigrationTime.java
/home/eslam/Desktop/cloud-research/src/main/java/tech/cypherskar/cloudex/bridges/AVirtualMachineBridge.java
/home/eslam/Desktop/cloud-research/src/main/java/org/cloudbus/cloudsim/container/vmSelectionPolicies/PowerContainerVmSelectionPolicyMaximumCorrelation.java
/home/eslam/Desktop/cloud-research/src/main/java/org/cloudbus/cloudsim/container/containerPlacementPolicies/ContainerPlacementPolicyMostFull.java
/home/eslam/Desktop/cloud-research/src/main/java/org/cloudbus/cloudsim/VmAllocationPolicy.java
/home/eslam/Desktop/cloud-research/src/main/java/org/cloudbus/cloudsim/container/schedulers/ContainerCloudletScheduler.java
/home/eslam/Desktop/cloud-research/src/main/java/tech/cypherskar/cloudex/components/window/Tables.java
/home/eslam/Desktop/cloud-research/src/main/java/org/cloudbus/cloudsim/container/lists/ContainerVmPeList.java
/home/eslam/Desktop/cloud-research/src/main/java/org/cloudbus/cloudsim/core/predicates/PredicateFrom.java
/home/eslam/Desktop/cloud-research/src/main/java/org/cloudbus/cloudsim/container/containerVmProvisioners/ContainerVmPeProvisioner.java
/home/eslam/Desktop/cloud-research/src/main/java/org/cloudbus/cloudsim/util/WorkloadFileReader.java
/home/eslam/Desktop/cloud-research/src/main/java/org/cloudbus/cloudsim/network/datacenter/NetworkCloudlet.java
/home/eslam/Desktop/cloud-research/src/main/java/org/cloudbus/cloudsim/container/vmSelectionPolicies/PowerContainerVMSelectionPolicyCor.java
/home/eslam/Desktop/cloud-research/src/main/java/org/cloudbus/cloudsim/container/resourceAllocatorMigrationEnabled/PowerContainerVmAllocationPolicyMigrationAbstractContainerHostSelection.java
/home/eslam/Desktop/cloud-research/src/main/java/org/cloudbus/cloudsim/core/CloudSimTags.java
/home/eslam/Desktop/cloud-research/src/main/java/org/cloudbus/cloudsim/container/resourceAllocators/PowerContainerAllocationPolicySimple.java
/home/eslam/Desktop/cloud-research/src/main/java/org/cloudbus/cloudsim/provisioners/RamProvisioner.java
/home/eslam/Desktop/cloud-research/src/main/java/org/cloudbus/cloudsim/provisioners/BwProvisionerSimple.java
/home/eslam/Desktop/cloud-research/src/main/java/org/cloudbus/cloudsim/HostStateHistoryEntry.java
/home/eslam/Desktop/cloud-research/src/main/java/org/cloudbus/cloudsim/container/core/PowerContainerHostUtilizationHistory.java
/home/eslam/Desktop/cloud-research/src/main/java/org/cloudbus/cloudsim/container/core/ContainerHost.java
/home/eslam/Desktop/cloud-research/src/main/java/org/cloudbus/cloudsim/container/resourceAllocatorMigrationEnabled/PowerContainerVmAllocationPolicyMigrationAbstractContainerHostSelectionUnderUtilizedAdded.java
/home/eslam/Desktop/cloud-research/src/main/java/tech/cypherskar/cloudex/bridges/AHostBridge.java
/home/eslam/Desktop/cloud-research/src/main/java/org/cloudbus/cloudsim/UtilizationModel.java
/home/eslam/Desktop/cloud-research/src/main/java/tech/cypherskar/cloudex/bridges/ABrokerSetupBridge.java
/home/eslam/Desktop/cloud-research/src/main/java/org/cloudbus/cloudsim/network/datacenter/AggregateSwitch.java
/home/eslam/Desktop/cloud-research/src/main/java/org/cloudbus/cloudsim/distributions/ParetoDistr.java
/home/eslam/Desktop/cloud-research/src/main/java/org/cloudbus/cloudsim/container/containerProvisioners/ContainerBwProvisioner.java
/home/eslam/Desktop/cloud-research/src/main/java/org/cloudbus/cloudsim/CloudletSchedulerSpaceShared.java
/home/eslam/Desktop/cloud-research/src/main/java/org/cloudbus/cloudsim/distributions/ZipfDistr.java
/home/eslam/Desktop/cloud-research/src/main/java/org/cloudbus/cloudsim/power/models/PowerModelSpecPowerHpProLiantMl110G4Xeon3040.java
/home/eslam/Desktop/cloud-research/src/main/java/org/cloudbus/cloudsim/power/PowerVmAllocationPolicyMigrationMedianAbsoluteDeviation.java
/home/eslam/Desktop/cloud-research/src/main/java/org/cloudbus/cloudsim/network/TopologicalNode.java
/home/eslam/Desktop/cloud-research/src/main/java/org/cloudbus/cloudsim/network/datacenter/WorkflowApp.java
/home/eslam/Desktop/cloud-research/src/main/java/org/cloudbus/cloudsim/container/schedulers/ContainerCloudletSchedulerDynamicWorkload.java
/home/eslam/Desktop/cloud-research/src/main/java/org/cloudbus/cloudsim/core/predicates/PredicateType.java
/home/eslam/Desktop/cloud-research/src/main/java/tech/cypherskar/cloudex/bridges/ASimulationBridge.java
/home/eslam/Desktop/cloud-research/src/main/java/org/cloudbus/cloudsim/container/utils/CostumeCSVWriter.java
/home/eslam/Desktop/cloud-research/src/main/java/org/cloudbus/cloudsim/VmScheduler.java
/home/eslam/Desktop/cloud-research/src/main/java/org/cloudbus/cloudsim/network/TopologicalGraph.java
/home/eslam/Desktop/cloud-research/src/main/java/org/cloudbus/cloudsim/distributions/LomaxDistribution.java
/home/eslam/Desktop/cloud-research/src/main/java/org/cloudbus/cloudsim/distributions/GammaDistr.java
/home/eslam/Desktop/cloud-research/src/main/java/org/cloudbus/cloudsim/container/resourceAllocatorMigrationEnabled/PowerContainerVmAllocationPolicyMigrationStaticThresholdMC.java
/home/eslam/Desktop/cloud-research/src/main/java/org/cloudbus/cloudsim/CloudletSchedulerDynamicWorkload.java
/home/eslam/Desktop/cloud-research/src/main/java/org/cloudbus/cloudsim/container/containerProvisioners/ContainerRamProvisionerSimple.java
